<?xml version="1.0" encoding="ISO-8859-1" ?>
<link_info>
   <banner>TI ARM Linker PC v18.1.2.LTS</banner>
   <copyright>Copyright (c) 1996-2017 Texas Instruments Incorporated</copyright>
   <link_time>0x5be509db</link_time>
   <link_errors>0x0</link_errors>
   <output_file>Lab3_starter.out</output_file>
   <entry_point>
      <name>_c_int00_noargs</name>
      <address>0xd679</address>
   </entry_point>
   <input_file_list>
      <input_file id="fl-2">
         <path>.\</path>
         <kind>object</kind>
         <file>ADC_HAL.obj</file>
         <name>ADC_HAL.obj</name>
      </input_file>
      <input_file id="fl-3">
         <path>.\</path>
         <kind>object</kind>
         <file>ButtonLED_HAL.obj</file>
         <name>ButtonLED_HAL.obj</name>
      </input_file>
      <input_file id="fl-4">
         <path>.\</path>
         <kind>object</kind>
         <file>Howtoplay_16bit.obj</file>
         <name>Howtoplay_16bit.obj</name>
      </input_file>
      <input_file id="fl-5">
         <path>.\</path>
         <kind>object</kind>
         <file>Lab3_starter_main.obj</file>
         <name>Lab3_starter_main.obj</name>
      </input_file>
      <input_file id="fl-6">
         <path>.\</path>
         <kind>object</kind>
         <file>MenuOptions_16bit.obj</file>
         <name>MenuOptions_16bit.obj</name>
      </input_file>
      <input_file id="fl-7">
         <path>.\</path>
         <kind>object</kind>
         <file>ScoreBoard_16bit.obj</file>
         <name>ScoreBoard_16bit.obj</name>
      </input_file>
      <input_file id="fl-8">
         <path>.\</path>
         <kind>object</kind>
         <file>Timer32_HAL.obj</file>
         <name>Timer32_HAL.obj</name>
      </input_file>
      <input_file id="fl-9">
         <path>.\</path>
         <kind>object</kind>
         <file>graphics_HAL.obj</file>
         <name>graphics_HAL.obj</name>
      </input_file>
      <input_file id="fl-a">
         <path>.\</path>
         <kind>object</kind>
         <file>guitarhero_16bit.obj</file>
         <name>guitarhero_16bit.obj</name>
      </input_file>
      <input_file id="fl-b">
         <path>.\</path>
         <kind>object</kind>
         <file>menuImage_16bit.obj</file>
         <name>menuImage_16bit.obj</name>
      </input_file>
      <input_file id="fl-c">
         <path>.\</path>
         <kind>object</kind>
         <file>noteSplash_16bit.obj</file>
         <name>noteSplash_16bit.obj</name>
      </input_file>
      <input_file id="fl-d">
         <path>.\</path>
         <kind>object</kind>
         <file>resultimage_16bit.obj</file>
         <name>resultimage_16bit.obj</name>
      </input_file>
      <input_file id="fl-e">
         <path>.\</path>
         <kind>object</kind>
         <file>song.obj</file>
         <name>song.obj</name>
      </input_file>
      <input_file id="fl-f">
         <path>.\</path>
         <kind>object</kind>
         <file>songlist_16bit.obj</file>
         <name>songlist_16bit.obj</name>
      </input_file>
      <input_file id="fl-10">
         <path>.\</path>
         <kind>object</kind>
         <file>sound.obj</file>
         <name>sound.obj</name>
      </input_file>
      <input_file id="fl-11">
         <path>.\</path>
         <kind>object</kind>
         <file>system_msp432p401r.obj</file>
         <name>system_msp432p401r.obj</name>
      </input_file>
      <input_file id="fl-12">
         <path>.\LcdDriver\</path>
         <kind>object</kind>
         <file>Crystalfontz128x128_ST7735.obj</file>
         <name>Crystalfontz128x128_ST7735.obj</name>
      </input_file>
      <input_file id="fl-13">
         <path>.\LcdDriver\</path>
         <kind>object</kind>
         <file>HAL_MSP_EXP432P401R_Crystalfontz128x128_ST7735.obj</file>
         <name>HAL_MSP_EXP432P401R_Crystalfontz128x128_ST7735.obj</name>
      </input_file>
      <input_file id="fl-14">
         <path>.\ccs\</path>
         <kind>object</kind>
         <file>startup_msp432p401r_ccs.obj</file>
         <name>startup_msp432p401r_ccs.obj</name>
      </input_file>
      <input_file id="fl-15">
         <path>.\fonts\</path>
         <kind>object</kind>
         <file>fontcmtt16.obj</file>
         <name>fontcmtt16.obj</name>
      </input_file>
      <input_file id="fl-1e">
         <kind>object</kind>
         <file>&lt;internal&gt;</file>
         <name>&lt;internal&gt;</name>
      </input_file>
      <input_file id="fl-1f">
         <path>C:\ti\simplelink_msp432p4_sdk_2_20_00_12\source\ti\grlib\lib\ccs\m4f\</path>
         <kind>archive</kind>
         <file>grlib.a</file>
         <name>circle.obj</name>
      </input_file>
      <input_file id="fl-20">
         <path>C:\ti\simplelink_msp432p4_sdk_2_20_00_12\source\ti\grlib\lib\ccs\m4f\</path>
         <kind>archive</kind>
         <file>grlib.a</file>
         <name>context.obj</name>
      </input_file>
      <input_file id="fl-21">
         <path>C:\ti\simplelink_msp432p4_sdk_2_20_00_12\source\ti\grlib\lib\ccs\m4f\</path>
         <kind>archive</kind>
         <file>grlib.a</file>
         <name>display.obj</name>
      </input_file>
      <input_file id="fl-22">
         <path>C:\ti\simplelink_msp432p4_sdk_2_20_00_12\source\ti\grlib\lib\ccs\m4f\</path>
         <kind>archive</kind>
         <file>grlib.a</file>
         <name>image.obj</name>
      </input_file>
      <input_file id="fl-23">
         <path>C:\ti\simplelink_msp432p4_sdk_2_20_00_12\source\ti\grlib\lib\ccs\m4f\</path>
         <kind>archive</kind>
         <file>grlib.a</file>
         <name>line.obj</name>
      </input_file>
      <input_file id="fl-24">
         <path>C:\ti\simplelink_msp432p4_sdk_2_20_00_12\source\ti\grlib\lib\ccs\m4f\</path>
         <kind>archive</kind>
         <file>grlib.a</file>
         <name>rectangle.obj</name>
      </input_file>
      <input_file id="fl-25">
         <path>C:\ti\simplelink_msp432p4_sdk_2_20_00_12\source\ti\grlib\lib\ccs\m4f\</path>
         <kind>archive</kind>
         <file>grlib.a</file>
         <name>string.obj</name>
      </input_file>
      <input_file id="fl-26">
         <path>C:\ti\simplelink_msp432p4_sdk_2_20_00_12\source\ti\devices\msp432p4xx\driverlib\ccs\</path>
         <kind>archive</kind>
         <file>msp432p4xx_driverlib.lib</file>
         <name>adc14.o</name>
      </input_file>
      <input_file id="fl-27">
         <path>C:\ti\simplelink_msp432p4_sdk_2_20_00_12\source\ti\devices\msp432p4xx\driverlib\ccs\</path>
         <kind>archive</kind>
         <file>msp432p4xx_driverlib.lib</file>
         <name>gpio.o</name>
      </input_file>
      <input_file id="fl-28">
         <path>C:\ti\simplelink_msp432p4_sdk_2_20_00_12\source\ti\devices\msp432p4xx\driverlib\ccs\</path>
         <kind>archive</kind>
         <file>msp432p4xx_driverlib.lib</file>
         <name>interrupt.o</name>
      </input_file>
      <input_file id="fl-29">
         <path>C:\ti\simplelink_msp432p4_sdk_2_20_00_12\source\ti\devices\msp432p4xx\driverlib\ccs\</path>
         <kind>archive</kind>
         <file>msp432p4xx_driverlib.lib</file>
         <name>spi.o</name>
      </input_file>
      <input_file id="fl-2a">
         <path>C:\ti\simplelink_msp432p4_sdk_2_20_00_12\source\ti\devices\msp432p4xx\driverlib\ccs\</path>
         <kind>archive</kind>
         <file>msp432p4xx_driverlib.lib</file>
         <name>timer32.o</name>
      </input_file>
      <input_file id="fl-2b">
         <path>C:\ti\simplelink_msp432p4_sdk_2_20_00_12\source\ti\devices\msp432p4xx\driverlib\ccs\</path>
         <kind>archive</kind>
         <file>msp432p4xx_driverlib.lib</file>
         <name>timer_a.o</name>
      </input_file>
      <input_file id="fl-2c">
         <path>C:\ti\simplelink_msp432p4_sdk_2_20_00_12\source\ti\devices\msp432p4xx\driverlib\ccs\</path>
         <kind>archive</kind>
         <file>msp432p4xx_driverlib.lib</file>
         <name>wdt_a.o</name>
      </input_file>
      <input_file id="fl-2d">
         <path>C:\ti\simplelink_msp432p4_sdk_2_20_00_12\source\ti\devices\msp432p4xx\driverlib\ccs\</path>
         <kind>archive</kind>
         <file>msp432p4xx_driverlib.lib</file>
         <name>cpu.o</name>
      </input_file>
      <input_file id="fl-2e">
         <path>C:\ti\simplelink_msp432p4_sdk_2_20_00_12\source\ti\devices\msp432p4xx\driverlib\ccs\</path>
         <kind>archive</kind>
         <file>msp432p4xx_driverlib.lib</file>
         <name>sysctl_a.o</name>
      </input_file>
      <input_file id="fl-e4">
         <path>C:\ti\ccv8\ccsv8\tools\compiler\ti-cgt-arm_18.1.2.LTS\lib\</path>
         <kind>archive</kind>
         <file>rtsv7M4_T_le_v4SPD16_eabi.lib</file>
         <name>memset_t2.asm.obj</name>
      </input_file>
      <input_file id="fl-e5">
         <path>C:\ti\ccv8\ccsv8\tools\compiler\ti-cgt-arm_18.1.2.LTS\lib\</path>
         <kind>archive</kind>
         <file>rtsv7M4_T_le_v4SPD16_eabi.lib</file>
         <name>fd_div_t2.asm.obj</name>
      </input_file>
      <input_file id="fl-e6">
         <path>C:\ti\ccv8\ccsv8\tools\compiler\ti-cgt-arm_18.1.2.LTS\lib\</path>
         <kind>archive</kind>
         <file>rtsv7M4_T_le_v4SPD16_eabi.lib</file>
         <name>fd_mul_t2.asm.obj</name>
      </input_file>
      <input_file id="fl-e7">
         <path>C:\ti\ccv8\ccsv8\tools\compiler\ti-cgt-arm_18.1.2.LTS\lib\</path>
         <kind>archive</kind>
         <file>rtsv7M4_T_le_v4SPD16_eabi.lib</file>
         <name>fd_tou_t2.asm.obj</name>
      </input_file>
      <input_file id="fl-e8">
         <path>C:\ti\ccv8\ccsv8\tools\compiler\ti-cgt-arm_18.1.2.LTS\lib\</path>
         <kind>archive</kind>
         <file>rtsv7M4_T_le_v4SPD16_eabi.lib</file>
         <name>ll_mul_t2.asm.obj</name>
      </input_file>
      <input_file id="fl-e9">
         <path>C:\ti\ccv8\ccsv8\tools\compiler\ti-cgt-arm_18.1.2.LTS\lib\</path>
         <kind>archive</kind>
         <file>rtsv7M4_T_le_v4SPD16_eabi.lib</file>
         <name>memcpy_t2.asm.obj</name>
      </input_file>
      <input_file id="fl-ea">
         <path>C:\ti\ccv8\ccsv8\tools\compiler\ti-cgt-arm_18.1.2.LTS\lib\</path>
         <kind>archive</kind>
         <file>rtsv7M4_T_le_v4SPD16_eabi.lib</file>
         <name>u_tofd_t2.asm.obj</name>
      </input_file>
      <input_file id="fl-eb">
         <path>C:\ti\ccv8\ccsv8\tools\compiler\ti-cgt-arm_18.1.2.LTS\lib\</path>
         <kind>archive</kind>
         <file>rtsv7M4_T_le_v4SPD16_eabi.lib</file>
         <name>copy_zero_init.c.obj</name>
      </input_file>
      <input_file id="fl-ec">
         <path>C:\ti\ccv8\ccsv8\tools\compiler\ti-cgt-arm_18.1.2.LTS\lib\</path>
         <kind>archive</kind>
         <file>rtsv7M4_T_le_v4SPD16_eabi.lib</file>
         <name>copy_decompress_none.c.obj</name>
      </input_file>
      <input_file id="fl-ed">
         <path>C:\ti\ccv8\ccsv8\tools\compiler\ti-cgt-arm_18.1.2.LTS\lib\</path>
         <kind>archive</kind>
         <file>rtsv7M4_T_le_v4SPD16_eabi.lib</file>
         <name>copy_decompress_lzss.c.obj</name>
      </input_file>
      <input_file id="fl-ee">
         <path>C:\ti\ccv8\ccsv8\tools\compiler\ti-cgt-arm_18.1.2.LTS\lib\</path>
         <kind>archive</kind>
         <file>rtsv7M4_T_le_v4SPD16_eabi.lib</file>
         <name>boot_cortex_m.c.obj</name>
      </input_file>
      <input_file id="fl-ef">
         <path>C:\ti\ccv8\ccsv8\tools\compiler\ti-cgt-arm_18.1.2.LTS\lib\</path>
         <kind>archive</kind>
         <file>rtsv7M4_T_le_v4SPD16_eabi.lib</file>
         <name>exit.c.obj</name>
      </input_file>
      <input_file id="fl-f0">
         <path>C:\ti\ccv8\ccsv8\tools\compiler\ti-cgt-arm_18.1.2.LTS\lib\</path>
         <kind>archive</kind>
         <file>rtsv7M4_T_le_v4SPD16_eabi.lib</file>
         <name>_lock.c.obj</name>
      </input_file>
      <input_file id="fl-f1">
         <path>C:\ti\ccv8\ccsv8\tools\compiler\ti-cgt-arm_18.1.2.LTS\lib\</path>
         <kind>archive</kind>
         <file>rtsv7M4_T_le_v4SPD16_eabi.lib</file>
         <name>args_main.c.obj</name>
      </input_file>
      <input_file id="fl-f2">
         <path>C:\ti\ccv8\ccsv8\tools\compiler\ti-cgt-arm_18.1.2.LTS\lib\</path>
         <kind>archive</kind>
         <file>rtsv7M4_T_le_v4SPD16_eabi.lib</file>
         <name>autoinit.c.obj</name>
      </input_file>
      <input_file id="fl-f3">
         <path>C:\ti\ccv8\ccsv8\tools\compiler\ti-cgt-arm_18.1.2.LTS\lib\</path>
         <kind>archive</kind>
         <file>rtsv7M4_T_le_v4SPD16_eabi.lib</file>
         <name>pre_init.c.obj</name>
      </input_file>
      <input_file id="fl-f4">
         <path>C:\ti\ccv8\ccsv8\tools\compiler\ti-cgt-arm_18.1.2.LTS\lib\</path>
         <kind>archive</kind>
         <file>rtsv7M4_T_le_v4SPD16_eabi.lib</file>
         <name>cpy_tbl.c.obj</name>
      </input_file>
   </input_file_list>
   <object_component_list>
      <object_component id="oc-23">
         <name>.intvecs:retain</name>
         <load_address>0x0</load_address>
         <run_address>0x0</run_address>
         <size>0xe4</size>
         <input_file_ref idref="fl-14"/>
      </object_component>
      <object_component id="oc-2b6">
         <name>.text:InitSongList</name>
         <load_address>0x8cf0</load_address>
         <run_address>0x8cf0</run_address>
         <size>0x960</size>
         <input_file_ref idref="fl-e"/>
      </object_component>
      <object_component id="oc-125">
         <name>.text:StartHokieFight</name>
         <load_address>0x9650</load_address>
         <run_address>0x9650</run_address>
         <size>0x528</size>
         <input_file_ref idref="fl-9"/>
      </object_component>
      <object_component id="oc-11f">
         <name>.text:StartEnterSandman</name>
         <load_address>0x9b78</load_address>
         <run_address>0x9b78</run_address>
         <size>0x524</size>
         <input_file_ref idref="fl-9"/>
      </object_component>
      <object_component id="oc-12b">
         <name>.text:StartGoT</name>
         <load_address>0xa09c</load_address>
         <run_address>0xa09c</run_address>
         <size>0x524</size>
         <input_file_ref idref="fl-9"/>
      </object_component>
      <object_component id="oc-113">
         <name>.text:MainScreenFSM</name>
         <load_address>0xa5c0</load_address>
         <run_address>0xa5c0</run_address>
         <size>0x4c4</size>
         <input_file_ref idref="fl-5"/>
      </object_component>
      <object_component id="oc-255">
         <name>.text:Graphics_drawString</name>
         <load_address>0xaa84</load_address>
         <run_address>0xaa84</run_address>
         <size>0x47e</size>
         <input_file_ref idref="fl-25"/>
      </object_component>
      <object_component id="oc-24e">
         <name>.text:Graphics_drawImage</name>
         <load_address>0xaf02</load_address>
         <run_address>0xaf02</run_address>
         <size>0x388</size>
         <input_file_ref idref="fl-22"/>
      </object_component>
      <object_component id="oc-2a9">
         <name>.text:Graphics_fillCircle</name>
         <load_address>0xb28a</load_address>
         <run_address>0xb28a</run_address>
         <size>0x22a</size>
         <input_file_ref idref="fl-1f"/>
      </object_component>
      <object_component id="oc-3a0">
         <name>.text:Crystalfontz128x128_PixelDrawMultiple</name>
         <load_address>0xb4b4</load_address>
         <run_address>0xb4b4</run_address>
         <size>0x1d8</size>
         <input_file_ref idref="fl-12"/>
      </object_component>
      <object_component id="oc-9c">
         <name>.text:main</name>
         <load_address>0xb68c</load_address>
         <run_address>0xb68c</run_address>
         <size>0x194</size>
         <input_file_ref idref="fl-5"/>
      </object_component>
      <object_component id="oc-410">
         <name>.text:_getIndexForMemRegister</name>
         <load_address>0xb820</load_address>
         <run_address>0xb820</run_address>
         <size>0x160</size>
         <input_file_ref idref="fl-26"/>
      </object_component>
      <object_component id="oc-5b8">
         <name>.text:privateTimer_AProcessClockSourceDivider</name>
         <load_address>0xb980</load_address>
         <run_address>0xb980</run_address>
         <size>0x144</size>
         <input_file_ref idref="fl-2b"/>
      </object_component>
      <object_component id="oc-119">
         <name>.text:CreateGameLayout</name>
         <load_address>0xbac4</load_address>
         <run_address>0xbac4</run_address>
         <size>0x140</size>
         <input_file_ref idref="fl-9"/>
      </object_component>
      <object_component id="oc-53c">
         <name>.text</name>
         <load_address>0xbc04</load_address>
         <run_address>0xbc04</run_address>
         <size>0x136</size>
         <input_file_ref idref="fl-e5"/>
      </object_component>
      <object_component id="oc-6a">
         <name>.text:Default_Handler</name>
         <load_address>0xbd3a</load_address>
         <run_address>0xbd3a</run_address>
         <size>0x2</size>
         <input_file_ref idref="fl-14"/>
      </object_component>
      <object_component id="oc-4ec">
         <name>.text:Crystalfontz128x128_SetDrawFrame</name>
         <load_address>0xbd3c</load_address>
         <run_address>0xbd3c</run_address>
         <size>0x134</size>
         <input_file_ref idref="fl-12"/>
      </object_component>
      <object_component id="oc-384">
         <name>.text:Crystalfontz128x128_Init</name>
         <load_address>0xbe70</load_address>
         <run_address>0xbe70</run_address>
         <size>0x12c</size>
         <input_file_ref idref="fl-12"/>
      </object_component>
      <object_component id="oc-297">
         <name>.text:Graphics_fillRectangle</name>
         <load_address>0xbf9c</load_address>
         <run_address>0xbf9c</run_address>
         <size>0x112</size>
         <input_file_ref idref="fl-24"/>
      </object_component>
      <object_component id="oc-54b">
         <name>.text</name>
         <load_address>0xc0ae</load_address>
         <run_address>0xc0ae</run_address>
         <size>0xfc</size>
         <input_file_ref idref="fl-e6"/>
      </object_component>
      <object_component id="oc-451">
         <name>.text:PlayNote</name>
         <load_address>0xc1ac</load_address>
         <run_address>0xc1ac</run_address>
         <size>0xd0</size>
         <input_file_ref idref="fl-10"/>
      </object_component>
      <object_component id="oc-277">
         <name>.text:Debounce</name>
         <load_address>0xc27c</load_address>
         <run_address>0xc27c</run_address>
         <size>0xce</size>
         <input_file_ref idref="fl-3"/>
      </object_component>
      <object_component id="oc-2d8">
         <name>.text:ShowResult</name>
         <load_address>0xc34c</load_address>
         <run_address>0xc34c</run_address>
         <size>0xcc</size>
         <input_file_ref idref="fl-9"/>
      </object_component>
      <object_component id="oc-ae">
         <name>.text:SystemInit</name>
         <load_address>0xc418</load_address>
         <run_address>0xc418</run_address>
         <size>0xbc</size>
         <input_file_ref idref="fl-11"/>
      </object_component>
      <object_component id="oc-594">
         <name>.text:SPI_initMaster</name>
         <load_address>0xc4d4</load_address>
         <run_address>0xc4d4</run_address>
         <size>0xb0</size>
         <input_file_ref idref="fl-29"/>
      </object_component>
      <object_component id="oc-353">
         <name>.text:ADC14_configureMultiSequenceMode</name>
         <load_address>0xc584</load_address>
         <run_address>0xc584</run_address>
         <size>0xa8</size>
         <input_file_ref idref="fl-26"/>
      </object_component>
      <object_component id="oc-10d">
         <name>.text:OneShotSWTimerExpired</name>
         <load_address>0xc62c</load_address>
         <run_address>0xc62c</run_address>
         <size>0xa8</size>
         <input_file_ref idref="fl-8"/>
      </object_component>
      <object_component id="oc-360">
         <name>.text:ADC14_configureConversionMemory</name>
         <load_address>0xc6d4</load_address>
         <run_address>0xc6d4</run_address>
         <size>0xa4</size>
         <input_file_ref idref="fl-26"/>
      </object_component>
      <object_component id="oc-291">
         <name>.text:Graphics_drawRectangle</name>
         <load_address>0xc778</load_address>
         <run_address>0xc778</run_address>
         <size>0xa2</size>
         <input_file_ref idref="fl-24"/>
      </object_component>
      <object_component id="oc-3b2">
         <name>.text:Crystalfontz128x128_RectFill</name>
         <load_address>0xc81a</load_address>
         <run_address>0xc81a</run_address>
         <size>0x9c</size>
         <input_file_ref idref="fl-12"/>
      </object_component>
      <object_component id="oc-2c2">
         <name>.text:Graphics_drawLineH</name>
         <load_address>0xc8b6</load_address>
         <run_address>0xc8b6</run_address>
         <size>0x9c</size>
         <input_file_ref idref="fl-23"/>
      </object_component>
      <object_component id="oc-41c">
         <name>.text:Graphics_drawLineV</name>
         <load_address>0xc952</load_address>
         <run_address>0xc952</run_address>
         <size>0x9c</size>
         <input_file_ref idref="fl-23"/>
      </object_component>
      <object_component id="oc-34">
         <name>.text</name>
         <load_address>0xc9ee</load_address>
         <run_address>0xc9ee</run_address>
         <size>0x9c</size>
         <input_file_ref idref="fl-e9"/>
      </object_component>
      <object_component id="oc-366">
         <name>.text:GPIO_setAsPeripheralModuleFunctionInputPin</name>
         <load_address>0xca8c</load_address>
         <run_address>0xca8c</run_address>
         <size>0x88</size>
         <input_file_ref idref="fl-27"/>
      </object_component>
      <object_component id="oc-449">
         <name>.text:GPIO_setAsPeripheralModuleFunctionOutputPin</name>
         <load_address>0xcb14</load_address>
         <run_address>0xcb14</run_address>
         <size>0x88</size>
         <input_file_ref idref="fl-27"/>
      </object_component>
      <object_component id="oc-4a8">
         <name>.text:Interrupt_enableInterrupt</name>
         <load_address>0xcb9c</load_address>
         <run_address>0xcb9c</run_address>
         <size>0x80</size>
         <input_file_ref idref="fl-28"/>
      </object_component>
      <object_component id="oc-2d2">
         <name>.text:make_3digit_NumString</name>
         <load_address>0xcc1c</load_address>
         <run_address>0xcc1c</run_address>
         <size>0x7e</size>
         <input_file_ref idref="fl-9"/>
      </object_component>
      <object_component id="oc-90">
         <name>.text</name>
         <load_address>0xcc9a</load_address>
         <run_address>0xcc9a</run_address>
         <size>0x7a</size>
         <input_file_ref idref="fl-e4"/>
      </object_component>
      <object_component id="oc-550">
         <name>.text:Timer_A_generatePWM</name>
         <load_address>0xcd14</load_address>
         <run_address>0xcd14</run_address>
         <size>0x74</size>
         <input_file_ref idref="fl-2b"/>
      </object_component>
      <object_component id="oc-3e5">
         <name>.text:Graphics_convertPalette</name>
         <load_address>0xcd88</load_address>
         <run_address>0xcd88</run_address>
         <size>0x6c</size>
         <input_file_ref idref="fl-22"/>
      </object_component>
      <object_component id="oc-4a2">
         <name>.text:Timer32_initModule</name>
         <load_address>0xcdf4</load_address>
         <run_address>0xcdf4</run_address>
         <size>0x68</size>
         <input_file_ref idref="fl-2a"/>
      </object_component>
      <object_component id="oc-14">
         <name>.text:decompress:lzss:__TI_decompress_lzss</name>
         <load_address>0xce5c</load_address>
         <run_address>0xce5c</run_address>
         <size>0x68</size>
         <input_file_ref idref="fl-ed"/>
      </object_component>
      <object_component id="oc-205">
         <name>.text:initHWTimer0</name>
         <load_address>0xcec4</load_address>
         <run_address>0xcec4</run_address>
         <size>0x64</size>
         <input_file_ref idref="fl-8"/>
      </object_component>
      <object_component id="oc-20b">
         <name>.text:initHWTimer1</name>
         <load_address>0xcf28</load_address>
         <run_address>0xcf28</run_address>
         <size>0x64</size>
         <input_file_ref idref="fl-8"/>
      </object_component>
      <object_component id="oc-3a6">
         <name>.text:Crystalfontz128x128_LineDrawH</name>
         <load_address>0xcf8c</load_address>
         <run_address>0xcf8c</run_address>
         <size>0x60</size>
         <input_file_ref idref="fl-12"/>
      </object_component>
      <object_component id="oc-3ac">
         <name>.text:Crystalfontz128x128_LineDrawV</name>
         <load_address>0xcfec</load_address>
         <run_address>0xcfec</run_address>
         <size>0x60</size>
         <input_file_ref idref="fl-12"/>
      </object_component>
      <object_component id="oc-25c">
         <name>.text:GPIO_setAsInputPinWithPullUpResistor</name>
         <load_address>0xd04c</load_address>
         <run_address>0xd04c</run_address>
         <size>0x58</size>
         <input_file_ref idref="fl-27"/>
      </object_component>
      <object_component id="oc-2bc">
         <name>.text:PlaySong</name>
         <load_address>0xd0a4</load_address>
         <run_address>0xd0a4</run_address>
         <size>0x58</size>
         <input_file_ref idref="fl-e"/>
      </object_component>
      <object_component id="oc-33f">
         <name>.text:startHWTimer</name>
         <load_address>0xd0fc</load_address>
         <run_address>0xd0fc</run_address>
         <size>0x56</size>
         <input_file_ref idref="fl-8"/>
      </object_component>
      <object_component id="oc-34d">
         <name>.text:ADC14_initModule</name>
         <load_address>0xd154</load_address>
         <run_address>0xd154</run_address>
         <size>0x54</size>
         <input_file_ref idref="fl-26"/>
      </object_component>
      <object_component id="oc-38a">
         <name>.text:Crystalfontz128x128_SetOrientation</name>
         <load_address>0xd1a8</load_address>
         <run_address>0xd1a8</run_address>
         <size>0x54</size>
         <input_file_ref idref="fl-12"/>
      </object_component>
      <object_component id="oc-d7">
         <name>.text:initialize</name>
         <load_address>0xd1fc</load_address>
         <run_address>0xd1fc</run_address>
         <size>0x54</size>
         <input_file_ref idref="fl-5"/>
      </object_component>
      <object_component id="oc-224">
         <name>.text:Graphics_initContext</name>
         <load_address>0xd250</load_address>
         <run_address>0xd250</run_address>
         <size>0x52</size>
         <input_file_ref idref="fl-20"/>
      </object_component>
      <object_component id="oc-101">
         <name>.text:ButtonPushed</name>
         <load_address>0xd2a2</load_address>
         <run_address>0xd2a2</run_address>
         <size>0x4c</size>
         <input_file_ref idref="fl-3"/>
      </object_component>
      <object_component id="oc-e9">
         <name>.text:MenuScreen</name>
         <load_address>0xd2f0</load_address>
         <run_address>0xd2f0</run_address>
         <size>0x4a</size>
         <input_file_ref idref="fl-9"/>
      </object_component>
      <object_component id="oc-ef">
         <name>.text:initButton</name>
         <load_address>0xd33c</load_address>
         <run_address>0xd33c</run_address>
         <size>0x48</size>
         <input_file_ref idref="fl-3"/>
      </object_component>
      <object_component id="oc-3eb">
         <name>.text:Graphics_drawMultiplePixelsOnDisplay</name>
         <load_address>0xd384</load_address>
         <run_address>0xd384</run_address>
         <size>0x46</size>
         <input_file_ref idref="fl-21"/>
      </object_component>
      <object_component id="oc-160">
         <name>.text:__TI_auto_init_nobinit_nopinit:__TI_auto_init_nobinit_nopinit</name>
         <load_address>0xd3cc</load_address>
         <run_address>0xd3cc</run_address>
         <size>0x44</size>
         <input_file_ref idref="fl-f2"/>
      </object_component>
      <object_component id="oc-541">
         <name>.text</name>
         <load_address>0xd410</load_address>
         <run_address>0xd410</run_address>
         <size>0x44</size>
         <input_file_ref idref="fl-e7"/>
      </object_component>
      <object_component id="oc-39a">
         <name>.text:Crystalfontz128x128_PixelDraw</name>
         <load_address>0xd454</load_address>
         <run_address>0xd454</run_address>
         <size>0x40</size>
         <input_file_ref idref="fl-12"/>
      </object_component>
      <object_component id="oc-325">
         <name>.text:GPIO_setAsOutputPin</name>
         <load_address>0xd494</load_address>
         <run_address>0xd494</run_address>
         <size>0x40</size>
         <input_file_ref idref="fl-27"/>
      </object_component>
      <object_component id="oc-3f9">
         <name>.text:Graphics_getNumberOfLeadingZeros</name>
         <load_address>0xd4d4</load_address>
         <run_address>0xd4d4</run_address>
         <size>0x40</size>
         <input_file_ref idref="fl-25"/>
      </object_component>
      <object_component id="oc-4d4">
         <name>.text:HAL_LCD_SpiInit</name>
         <load_address>0xd514</load_address>
         <run_address>0xd514</run_address>
         <size>0x40</size>
         <input_file_ref idref="fl-13"/>
      </object_component>
      <object_component id="oc-5ce">
         <name>.text:is_A_Module</name>
         <load_address>0xd554</load_address>
         <run_address>0xd554</run_address>
         <size>0x40</size>
         <input_file_ref idref="fl-29"/>
      </object_component>
      <object_component id="oc-e3">
         <name>.text:SplashScreen</name>
         <load_address>0xd594</load_address>
         <run_address>0xd594</run_address>
         <size>0x3c</size>
         <input_file_ref idref="fl-9"/>
      </object_component>
      <object_component id="oc-4e0">
         <name>.text:HAL_LCD_writeCommand</name>
         <load_address>0xd5d0</load_address>
         <run_address>0xd5d0</run_address>
         <size>0x38</size>
         <input_file_ref idref="fl-13"/>
      </object_component>
      <object_component id="oc-dd">
         <name>.text:InitGraphics</name>
         <load_address>0xd608</load_address>
         <run_address>0xd608</run_address>
         <size>0x38</size>
         <input_file_ref idref="fl-9"/>
      </object_component>
      <object_component id="oc-4b4">
         <name>.text:Timer32_startTimer</name>
         <load_address>0xd640</load_address>
         <run_address>0xd640</run_address>
         <size>0x38</size>
         <input_file_ref idref="fl-2a"/>
      </object_component>
      <object_component id="oc-52">
         <name>.text:_c_int00_noargs:_c_int00_noargs</name>
         <load_address>0xd678</load_address>
         <run_address>0xd678</run_address>
         <size>0x38</size>
         <input_file_ref idref="fl-ee"/>
      </object_component>
      <object_component id="oc-459">
         <name>.text:Graphics_drawHorizontalLineOnDisplay</name>
         <load_address>0xd6b0</load_address>
         <run_address>0xd6b0</run_address>
         <size>0x36</size>
         <input_file_ref idref="fl-21"/>
      </object_component>
      <object_component id="oc-51f">
         <name>.text:Graphics_drawVerticalLineOnDisplay</name>
         <load_address>0xd6e6</load_address>
         <run_address>0xd6e6</run_address>
         <size>0x36</size>
         <input_file_ref idref="fl-21"/>
      </object_component>
      <object_component id="oc-359">
         <name>.text:ADC14_enableSampleTimer</name>
         <load_address>0xd71c</load_address>
         <run_address>0xd71c</run_address>
         <size>0x34</size>
         <input_file_ref idref="fl-26"/>
      </object_component>
      <object_component id="oc-4ae">
         <name>.text:Timer32_setCount</name>
         <load_address>0xd750</load_address>
         <run_address>0xd750</run_address>
         <size>0x34</size>
         <input_file_ref idref="fl-2a"/>
      </object_component>
      <object_component id="oc-409">
         <name>.text:GPIO_getInputPinValue</name>
         <load_address>0xd784</load_address>
         <run_address>0xd784</run_address>
         <size>0x30</size>
         <input_file_ref idref="fl-27"/>
      </object_component>
      <object_component id="oc-4ce">
         <name>.text:HAL_LCD_PortInit</name>
         <load_address>0xd7b4</load_address>
         <run_address>0xd7b4</run_address>
         <size>0x30</size>
         <input_file_ref idref="fl-13"/>
      </object_component>
      <object_component id="oc-217">
         <name>.text:initJoyStick</name>
         <load_address>0xd7e4</load_address>
         <run_address>0xd7e4</run_address>
         <size>0x30</size>
         <input_file_ref idref="fl-2"/>
      </object_component>
      <object_component id="oc-373">
         <name>.text:ADC14_toggleConversionTrigger</name>
         <load_address>0xd814</load_address>
         <run_address>0xd814</run_address>
         <size>0x2c</size>
         <input_file_ref idref="fl-26"/>
      </object_component>
      <object_component id="oc-3c4">
         <name>.text:Crystalfontz128x128_ClearScreen</name>
         <load_address>0xd840</load_address>
         <run_address>0xd840</run_address>
         <size>0x2c</size>
         <input_file_ref idref="fl-12"/>
      </object_component>
      <object_component id="oc-3f1">
         <name>.text:Graphics_drawPixelOnDisplay</name>
         <load_address>0xd86c</load_address>
         <run_address>0xd86c</run_address>
         <size>0x2c</size>
         <input_file_ref idref="fl-21"/>
      </object_component>
      <object_component id="oc-4e6">
         <name>.text:HAL_LCD_writeData</name>
         <load_address>0xd898</load_address>
         <run_address>0xd898</run_address>
         <size>0x2c</size>
         <input_file_ref idref="fl-13"/>
      </object_component>
      <object_component id="oc-36d">
         <name>.text:ADC14_enableConversion</name>
         <load_address>0xd8c4</load_address>
         <run_address>0xd8c4</run_address>
         <size>0x28</size>
         <input_file_ref idref="fl-26"/>
      </object_component>
      <object_component id="oc-3b8">
         <name>.text:Crystalfontz128x128_ColorTranslate</name>
         <load_address>0xd8ec</load_address>
         <run_address>0xd8ec</run_address>
         <size>0x28</size>
         <input_file_ref idref="fl-12"/>
      </object_component>
      <object_component id="oc-4da">
         <name>.text:GPIO_setOutputHighOnPin</name>
         <load_address>0xd914</load_address>
         <run_address>0xd914</run_address>
         <size>0x28</size>
         <input_file_ref idref="fl-27"/>
      </object_component>
      <object_component id="oc-332">
         <name>.text:GPIO_setOutputLowOnPin</name>
         <load_address>0xd93c</load_address>
         <run_address>0xd93c</run_address>
         <size>0x28</size>
         <input_file_ref idref="fl-27"/>
      </object_component>
      <object_component id="oc-269">
         <name>.text:WaitCycles</name>
         <load_address>0xd964</load_address>
         <run_address>0xd964</run_address>
         <size>0x26</size>
         <input_file_ref idref="fl-8"/>
      </object_component>
      <object_component id="oc-1ab">
         <name>.text:WDT_A_holdTimer</name>
         <load_address>0xd98c</load_address>
         <run_address>0xd98c</run_address>
         <size>0x24</size>
         <input_file_ref idref="fl-2c"/>
      </object_component>
      <object_component id="oc-211">
         <name>.text:initADC</name>
         <load_address>0xd9b0</load_address>
         <run_address>0xd9b0</run_address>
         <size>0x24</size>
         <input_file_ref idref="fl-2"/>
      </object_component>
      <object_component id="oc-546">
         <name>.text</name>
         <load_address>0xd9d4</load_address>
         <run_address>0xd9d4</run_address>
         <size>0x20</size>
         <input_file_ref idref="fl-ea"/>
      </object_component>
      <object_component id="oc-424">
         <name>.text:Graphics_fillRectangleOnDisplay</name>
         <load_address>0xd9f4</load_address>
         <run_address>0xd9f4</run_address>
         <size>0x1e</size>
         <input_file_ref idref="fl-21"/>
      </object_component>
      <object_component id="oc-f5">
         <name>.text:InitOneShotSWTimer</name>
         <load_address>0xda12</load_address>
         <run_address>0xda12</run_address>
         <size>0x1e</size>
         <input_file_ref idref="fl-8"/>
      </object_component>
      <object_component id="oc-fb">
         <name>.text:StartOneShotSWTimer</name>
         <load_address>0xda30</load_address>
         <run_address>0xda30</run_address>
         <size>0x1e</size>
         <input_file_ref idref="fl-8"/>
      </object_component>
      <object_component id="oc-27e">
         <name>.text:ADC14_getResult</name>
         <load_address>0xda50</load_address>
         <run_address>0xda50</run_address>
         <size>0x1c</size>
         <input_file_ref idref="fl-26"/>
      </object_component>
      <object_component id="oc-59a">
         <name>.text:SPI_enableModule</name>
         <load_address>0xda6c</load_address>
         <run_address>0xda6c</run_address>
         <size>0x1c</size>
         <input_file_ref idref="fl-29"/>
      </object_component>
      <object_component id="oc-70">
         <name>.text:T32_INT1_IRQHandler</name>
         <load_address>0xda88</load_address>
         <run_address>0xda88</run_address>
         <size>0x1c</size>
         <input_file_ref idref="fl-8"/>
      </object_component>
      <object_component id="oc-107">
         <name>.text:getSampleJoyStick</name>
         <load_address>0xdaa4</load_address>
         <run_address>0xdaa4</run_address>
         <size>0x1c</size>
         <input_file_ref idref="fl-2"/>
      </object_component>
      <object_component id="oc-391">
         <name>.text:Graphics_clearDisplayOnDisplay</name>
         <load_address>0xdac0</load_address>
         <run_address>0xdac0</run_address>
         <size>0x1a</size>
         <input_file_ref idref="fl-21"/>
      </object_component>
      <object_component id="oc-22a">
         <name>.text:Graphics_setBackgroundColor</name>
         <load_address>0xdada</load_address>
         <run_address>0xdada</run_address>
         <size>0x1a</size>
         <input_file_ref idref="fl-20"/>
      </object_component>
      <object_component id="oc-230">
         <name>.text:Graphics_setFont</name>
         <load_address>0xdaf4</load_address>
         <run_address>0xdaf4</run_address>
         <size>0x1a</size>
         <input_file_ref idref="fl-20"/>
      </object_component>
      <object_component id="oc-285">
         <name>.text</name>
         <load_address>0xdb0e</load_address>
         <run_address>0xdb0e</run_address>
         <size>0x18</size>
         <input_file_ref idref="fl-e8"/>
      </object_component>
      <object_component id="oc-5d6">
         <name>.text:EUSCI_A_SPI_enable</name>
         <load_address>0xdb26</load_address>
         <run_address>0xdb26</run_address>
         <size>0x16</size>
         <input_file_ref idref="fl-29"/>
      </object_component>
      <object_component id="oc-5dc">
         <name>.text:EUSCI_B_SPI_enable</name>
         <load_address>0xdb3c</load_address>
         <run_address>0xdb3c</run_address>
         <size>0x16</size>
         <input_file_ref idref="fl-29"/>
      </object_component>
      <object_component id="oc-28b">
         <name>.text:Graphics_setForegroundColor</name>
         <load_address>0xdb52</load_address>
         <run_address>0xdb52</run_address>
         <size>0x16</size>
         <input_file_ref idref="fl-20"/>
      </object_component>
      <object_component id="oc-37c">
         <name>.text:Graphics_translateColorOnDisplay</name>
         <load_address>0xdb68</load_address>
         <run_address>0xdb68</run_address>
         <size>0x16</size>
         <input_file_ref idref="fl-21"/>
      </object_component>
      <object_component id="oc-2cc">
         <name>.text:BoosterpackTopButton_pressed</name>
         <load_address>0xdb7e</load_address>
         <run_address>0xdb7e</run_address>
         <size>0x14</size>
         <input_file_ref idref="fl-3"/>
      </object_component>
      <object_component id="oc-b6">
         <name>.text:Timer32_clearInterruptFlag</name>
         <load_address>0xdb92</load_address>
         <run_address>0xdb92</run_address>
         <size>0x14</size>
         <input_file_ref idref="fl-2a"/>
      </object_component>
      <object_component id="oc-556">
         <name>.text:Timer_A_stopTimer</name>
         <load_address>0xdba6</load_address>
         <run_address>0xdba6</run_address>
         <size>0x14</size>
         <input_file_ref idref="fl-2b"/>
      </object_component>
      <object_component id="oc-23c">
         <name>.text:Graphics_clearDisplay</name>
         <load_address>0xdbba</load_address>
         <run_address>0xdbba</run_address>
         <size>0x12</size>
         <input_file_ref idref="fl-20"/>
      </object_component>
      <object_component id="oc-4bc">
         <name>.text:ADCIsConversionRunning</name>
         <load_address>0xdbcc</load_address>
         <run_address>0xdbcc</run_address>
         <size>0x10</size>
         <input_file_ref idref="fl-26"/>
      </object_component>
      <object_component id="oc-236">
         <name>.text:InitFonts</name>
         <load_address>0xdbdc</load_address>
         <run_address>0xdbdc</run_address>
         <size>0xe</size>
         <input_file_ref idref="fl-9"/>
      </object_component>
      <object_component id="oc-2b0">
         <name>.text:InitSound</name>
         <load_address>0xdbea</load_address>
         <run_address>0xdbea</run_address>
         <size>0xe</size>
         <input_file_ref idref="fl-10"/>
      </object_component>
      <object_component id="oc-270">
         <name>.text:Timer32_getValue</name>
         <load_address>0xdbf8</load_address>
         <run_address>0xdbf8</run_address>
         <size>0xe</size>
         <input_file_ref idref="fl-2a"/>
      </object_component>
      <object_component id="oc-1a">
         <name>.text:decompress:none:__TI_decompress_none</name>
         <load_address>0xdc06</load_address>
         <run_address>0xdc06</run_address>
         <size>0xe</size>
         <input_file_ref idref="fl-ec"/>
      </object_component>
      <object_component id="oc-347">
         <name>.text:ADC14_enableModule</name>
         <load_address>0xdc14</load_address>
         <run_address>0xdc14</run_address>
         <size>0xc</size>
         <input_file_ref idref="fl-26"/>
      </object_component>
      <object_component id="oc-64">
         <name>.text:Reset_Handler</name>
         <load_address>0xdc20</load_address>
         <run_address>0xdc20</run_address>
         <size>0xc</size>
         <input_file_ref idref="fl-14"/>
      </object_component>
      <object_component id="oc-46">
         <name>.text:decompress:ZI:__TI_zero_init</name>
         <load_address>0xdc2c</load_address>
         <run_address>0xdc2c</run_address>
         <size>0xc</size>
         <input_file_ref idref="fl-eb"/>
      </object_component>
      <object_component id="oc-1bd">
         <name>.text:initialize_BoosterpackLED_blue</name>
         <load_address>0xdc38</load_address>
         <run_address>0xdc38</run_address>
         <size>0xc</size>
         <input_file_ref idref="fl-3"/>
      </object_component>
      <object_component id="oc-1b7">
         <name>.text:initialize_BoosterpackLED_green</name>
         <load_address>0xdc44</load_address>
         <run_address>0xdc44</run_address>
         <size>0xc</size>
         <input_file_ref idref="fl-3"/>
      </object_component>
      <object_component id="oc-1b1">
         <name>.text:initialize_BoosterpackLED_red</name>
         <load_address>0xdc50</load_address>
         <run_address>0xdc50</run_address>
         <size>0xc</size>
         <input_file_ref idref="fl-3"/>
      </object_component>
      <object_component id="oc-1c3">
         <name>.text:initialize_LaunchpadLED1</name>
         <load_address>0xdc5c</load_address>
         <run_address>0xdc5c</run_address>
         <size>0xc</size>
         <input_file_ref idref="fl-3"/>
      </object_component>
      <object_component id="oc-1cf">
         <name>.text:initialize_LaunchpadLED2_blue</name>
         <load_address>0xdc68</load_address>
         <run_address>0xdc68</run_address>
         <size>0xc</size>
         <input_file_ref idref="fl-3"/>
      </object_component>
      <object_component id="oc-1d5">
         <name>.text:initialize_LaunchpadLED2_green</name>
         <load_address>0xdc74</load_address>
         <run_address>0xdc74</run_address>
         <size>0xc</size>
         <input_file_ref idref="fl-3"/>
      </object_component>
      <object_component id="oc-1c9">
         <name>.text:initialize_LaunchpadLED2_red</name>
         <load_address>0xdc80</load_address>
         <run_address>0xdc80</run_address>
         <size>0xc</size>
         <input_file_ref idref="fl-3"/>
      </object_component>
      <object_component id="oc-21d">
         <name>.text:startADC</name>
         <load_address>0xdc8c</load_address>
         <run_address>0xdc8c</run_address>
         <size>0xc</size>
         <input_file_ref idref="fl-2"/>
      </object_component>
      <object_component id="oc-1e7">
         <name>.text:turnOff_BoosterpackLED_blue</name>
         <load_address>0xdc98</load_address>
         <run_address>0xdc98</run_address>
         <size>0xc</size>
         <input_file_ref idref="fl-3"/>
      </object_component>
      <object_component id="oc-1e1">
         <name>.text:turnOff_BoosterpackLED_green</name>
         <load_address>0xdca4</load_address>
         <run_address>0xdca4</run_address>
         <size>0xc</size>
         <input_file_ref idref="fl-3"/>
      </object_component>
      <object_component id="oc-1db">
         <name>.text:turnOff_BoosterpackLED_red</name>
         <load_address>0xdcb0</load_address>
         <run_address>0xdcb0</run_address>
         <size>0xc</size>
         <input_file_ref idref="fl-3"/>
      </object_component>
      <object_component id="oc-1ed">
         <name>.text:turnOff_LaunchpadLED1</name>
         <load_address>0xdcbc</load_address>
         <run_address>0xdcbc</run_address>
         <size>0xc</size>
         <input_file_ref idref="fl-3"/>
      </object_component>
      <object_component id="oc-1f9">
         <name>.text:turnOff_LaunchpadLED2_blue</name>
         <load_address>0xdcc8</load_address>
         <run_address>0xdcc8</run_address>
         <size>0xc</size>
         <input_file_ref idref="fl-3"/>
      </object_component>
      <object_component id="oc-1ff">
         <name>.text:turnOff_LaunchpadLED2_green</name>
         <load_address>0xdcd4</load_address>
         <run_address>0xdcd4</run_address>
         <size>0xc</size>
         <input_file_ref idref="fl-3"/>
      </object_component>
      <object_component id="oc-1f3">
         <name>.text:turnOff_LaunchpadLED2_red</name>
         <load_address>0xdce0</load_address>
         <run_address>0xdce0</run_address>
         <size>0xc</size>
         <input_file_ref idref="fl-3"/>
      </object_component>
      <object_component id="oc-3be">
         <name>.text:Crystalfontz128x128_Flush</name>
         <load_address>0xdcec</load_address>
         <run_address>0xdcec</run_address>
         <size>0xa</size>
         <input_file_ref idref="fl-12"/>
      </object_component>
      <object_component id="oc-96">
         <name>.text:_system_pre_init</name>
         <load_address>0xdcf6</load_address>
         <run_address>0xdcf6</run_address>
         <size>0x4</size>
         <input_file_ref idref="fl-f3"/>
      </object_component>
      <object_component id="oc-154">
         <name>.text:abort:abort</name>
         <load_address>0xdcfa</load_address>
         <run_address>0xdcfa</run_address>
         <size>0x4</size>
         <input_file_ref idref="fl-ef"/>
      </object_component>
      <object_component id="oc-2e9">
         <name>.const:.string:pixel_guitarhero_16bit4BPP_UNCOMP</name>
         <load_address>0xe8</load_address>
         <run_address>0xe8</run_address>
         <size>0x2000</size>
         <input_file_ref idref="fl-a"/>
      </object_component>
      <object_component id="oc-2f2">
         <name>.const:.string:pixel_menuImage_16bit4BPP_UNCOMP</name>
         <load_address>0x20e8</load_address>
         <run_address>0x20e8</run_address>
         <size>0x2000</size>
         <input_file_ref idref="fl-b"/>
      </object_component>
      <object_component id="oc-56d">
         <name>.const:.string:pixel_resultimage_16bit4BPP_UNCOMP</name>
         <load_address>0x40e8</load_address>
         <run_address>0x40e8</run_address>
         <size>0x2000</size>
         <input_file_ref idref="fl-d"/>
      </object_component>
      <object_component id="oc-42e">
         <name>.const:.string:pixel_Howtoplay_16bit4BPP_UNCOMP</name>
         <load_address>0x60e8</load_address>
         <run_address>0x60e8</run_address>
         <size>0x9cc</size>
         <input_file_ref idref="fl-4"/>
      </object_component>
      <object_component id="oc-43f">
         <name>.const:.string:pixel_ScoreBoard_16bit4BPP_UNCOMP</name>
         <load_address>0x6ab4</load_address>
         <run_address>0x6ab4</run_address>
         <size>0x990</size>
         <input_file_ref idref="fl-7"/>
      </object_component>
      <object_component id="oc-3ce">
         <name>.const:.string:g_pucCmtt16Data</name>
         <load_address>0x7444</load_address>
         <run_address>0x7444</run_address>
         <size>0x70a</size>
         <input_file_ref idref="fl-15"/>
      </object_component>
      <object_component id="oc-436">
         <name>.const:.string:pixel_songlist_16bit4BPP_UNCOMP</name>
         <load_address>0x7b4e</load_address>
         <run_address>0x7b4e</run_address>
         <size>0x6db</size>
         <input_file_ref idref="fl-f"/>
      </object_component>
      <object_component id="oc-2fb">
         <name>.const:.string:pixel_MenuOptions_16bit4BPP_UNCOMP</name>
         <load_address>0x8229</load_address>
         <run_address>0x8229</run_address>
         <size>0x546</size>
         <input_file_ref idref="fl-6"/>
      </object_component>
      <object_component id="oc-55d">
         <name>.const:$P$T0$2</name>
         <load_address>0x8770</load_address>
         <run_address>0x8770</run_address>
         <size>0x188</size>
         <input_file_ref idref="fl-10"/>
      </object_component>
      <object_component id="oc-248">
         <name>.const:g_sFontCmtt16</name>
         <load_address>0x88f8</load_address>
         <run_address>0x88f8</run_address>
         <size>0xc8</size>
         <input_file_ref idref="fl-15"/>
      </object_component>
      <object_component id="oc-416">
         <name>.const:_ctlRegs</name>
         <load_address>0x89c0</load_address>
         <run_address>0x89c0</run_address>
         <size>0x80</size>
         <input_file_ref idref="fl-26"/>
      </object_component>
      <object_component id="oc-42b">
         <name>.const:palette_Howtoplay_16bit4BPP_UNCOMP</name>
         <load_address>0x8a40</load_address>
         <run_address>0x8a40</run_address>
         <size>0x40</size>
         <input_file_ref idref="fl-4"/>
      </object_component>
      <object_component id="oc-2f8">
         <name>.const:palette_MenuOptions_16bit4BPP_UNCOMP</name>
         <load_address>0x8a80</load_address>
         <run_address>0x8a80</run_address>
         <size>0x40</size>
         <input_file_ref idref="fl-6"/>
      </object_component>
      <object_component id="oc-43c">
         <name>.const:palette_ScoreBoard_16bit4BPP_UNCOMP</name>
         <load_address>0x8ac0</load_address>
         <run_address>0x8ac0</run_address>
         <size>0x40</size>
         <input_file_ref idref="fl-7"/>
      </object_component>
      <object_component id="oc-2e6">
         <name>.const:palette_guitarhero_16bit4BPP_UNCOMP</name>
         <load_address>0x8b00</load_address>
         <run_address>0x8b00</run_address>
         <size>0x40</size>
         <input_file_ref idref="fl-a"/>
      </object_component>
      <object_component id="oc-2ef">
         <name>.const:palette_menuImage_16bit4BPP_UNCOMP</name>
         <load_address>0x8b40</load_address>
         <run_address>0x8b40</run_address>
         <size>0x40</size>
         <input_file_ref idref="fl-b"/>
      </object_component>
      <object_component id="oc-56a">
         <name>.const:palette_resultimage_16bit4BPP_UNCOMP</name>
         <load_address>0x8b80</load_address>
         <run_address>0x8b80</run_address>
         <size>0x40</size>
         <input_file_ref idref="fl-d"/>
      </object_component>
      <object_component id="oc-433">
         <name>.const:palette_songlist_16bit4BPP_UNCOMP</name>
         <load_address>0x8bc0</load_address>
         <run_address>0x8bc0</run_address>
         <size>0x40</size>
         <input_file_ref idref="fl-f"/>
      </object_component>
      <object_component id="oc-401">
         <name>.const:GPIO_PORT_TO_BASE</name>
         <load_address>0x8c00</load_address>
         <run_address>0x8c00</run_address>
         <size>0x30</size>
         <input_file_ref idref="fl-27"/>
      </object_component>
      <object_component id="oc-245">
         <name>.const:g_sCrystalfontz128x128_funcs</name>
         <load_address>0x8c30</load_address>
         <run_address>0x8c30</run_address>
         <size>0x20</size>
         <input_file_ref idref="fl-12"/>
      </object_component>
      <object_component id="oc-5a0">
         <name>.const:$P$T0$1</name>
         <load_address>0x8c50</load_address>
         <run_address>0x8c50</run_address>
         <size>0x1c</size>
         <input_file_ref idref="fl-13"/>
      </object_component>
      <object_component id="oc-29d">
         <name>.const:Howtoplay_16bit4BPP_UNCOMP</name>
         <load_address>0x8c6c</load_address>
         <run_address>0x8c6c</run_address>
         <size>0x10</size>
         <input_file_ref idref="fl-4"/>
      </object_component>
      <object_component id="oc-137">
         <name>.const:MenuOptions_16bit4BPP_UNCOMP</name>
         <load_address>0x8c7c</load_address>
         <run_address>0x8c7c</run_address>
         <size>0x10</size>
         <input_file_ref idref="fl-6"/>
      </object_component>
      <object_component id="oc-2a3">
         <name>.const:ScoreBoard_16bit4BPP_UNCOMP</name>
         <load_address>0x8c8c</load_address>
         <run_address>0x8c8c</run_address>
         <size>0x10</size>
         <input_file_ref idref="fl-7"/>
      </object_component>
      <object_component id="oc-131">
         <name>.const:guitarhero_16bit4BPP_UNCOMP</name>
         <load_address>0x8c9c</load_address>
         <run_address>0x8c9c</run_address>
         <size>0x10</size>
         <input_file_ref idref="fl-a"/>
      </object_component>
      <object_component id="oc-134">
         <name>.const:menuImage_16bit4BPP_UNCOMP</name>
         <load_address>0x8cac</load_address>
         <run_address>0x8cac</run_address>
         <size>0x10</size>
         <input_file_ref idref="fl-b"/>
      </object_component>
      <object_component id="oc-465">
         <name>.const:resultimage_16bit4BPP_UNCOMP</name>
         <load_address>0x8cbc</load_address>
         <run_address>0x8cbc</run_address>
         <size>0x10</size>
         <input_file_ref idref="fl-d"/>
      </object_component>
      <object_component id="oc-2a0">
         <name>.const:songlist_16bit4BPP_UNCOMP</name>
         <load_address>0x8ccc</load_address>
         <run_address>0x8ccc</run_address>
         <size>0x10</size>
         <input_file_ref idref="fl-f"/>
      </object_component>
      <object_component id="oc-503">
         <name>.const:$P$T0$1</name>
         <load_address>0x8cdc</load_address>
         <run_address>0x8cdc</run_address>
         <size>0x8</size>
         <input_file_ref idref="fl-12"/>
      </object_component>
      <object_component id="oc-583">
         <name>.const:g_pulEnRegs</name>
         <load_address>0x8ce4</load_address>
         <run_address>0x8ce4</run_address>
         <size>0x8</size>
         <input_file_ref idref="fl-28"/>
      </object_component>
      <object_component id="oc-2df">
         <name>.const:.string:$P$T0$1</name>
         <load_address>0x8cec</load_address>
         <run_address>0x8cec</run_address>
         <size>0x2</size>
         <input_file_ref idref="fl-9"/>
      </object_component>
      <object_component id="oc-621">
         <name>.cinit..data.load</name>
         <load_address>0xdd00</load_address>
         <run_address>0xdd00</run_address>
         <size>0xe</size>
      </object_component>
      <object_component id="oc-61f">
         <name>__TI_handler_table</name>
         <load_address>0xdd10</load_address>
         <run_address>0xdd10</run_address>
         <size>0xc</size>
      </object_component>
      <object_component id="oc-622">
         <name>.cinit..bss.load</name>
         <load_address>0xdd20</load_address>
         <run_address>0xdd20</run_address>
         <size>0x8</size>
      </object_component>
      <object_component id="oc-620">
         <name>__TI_cinit_table</name>
         <load_address>0xdd28</load_address>
         <run_address>0xdd28</run_address>
         <size>0x10</size>
      </object_component>
      <object_component id="oc-5f4">
         <name>.binit</name>
         <load_address>0x0</load_address>
         <run_address>0x0</run_address>
         <size>0x0</size>
      </object_component>
      <object_component id="oc-457">
         <name>.data</name>
         <load_address>0x20000db8</load_address>
         <run_address>0x20000db8</run_address>
         <size>0x4</size>
         <input_file_ref idref="fl-e"/>
      </object_component>
      <object_component id="oc-55c">
         <name>.data</name>
         <load_address>0x20000dbc</load_address>
         <run_address>0x20000dbc</run_address>
         <size>0x1</size>
         <input_file_ref idref="fl-10"/>
      </object_component>
      <object_component id="oc-242">
         <name>.data:g_sCrystalfontz128x128</name>
         <load_address>0x20000da8</load_address>
         <run_address>0x20000da8</run_address>
         <size>0x10</size>
         <input_file_ref idref="fl-12"/>
      </object_component>
      <object_component id="oc-50d">
         <name>.bss:g_pulConvertedPalette</name>
         <uninitialized>true</uninitialized>
         <run_address>0x20000000</run_address>
         <size>0x400</size>
         <input_file_ref idref="fl-22"/>
      </object_component>
      <object_component id="oc-2c9">
         <name>.common:enter_sandman</name>
         <uninitialized>true</uninitialized>
         <run_address>0x20000724</run_address>
         <size>0x324</size>
      </object_component>
      <object_component id="oc-2e2">
         <name>.common:hokie_fight</name>
         <uninitialized>true</uninitialized>
         <run_address>0x20000a48</run_address>
         <size>0x324</size>
      </object_component>
      <object_component id="oc-2e4">
         <name>.common:GoT_song</name>
         <uninitialized>true</uninitialized>
         <run_address>0x20000400</run_address>
         <size>0x324</size>
      </object_component>
      <object_component id="oc-bc">
         <name>.common:timer0</name>
         <uninitialized>true</uninitialized>
         <run_address>0x20000d6c</run_address>
         <size>0x18</size>
      </object_component>
      <object_component id="oc-2c8">
         <name>.common:timer1</name>
         <uninitialized>true</uninitialized>
         <run_address>0x20000d84</run_address>
         <size>0x18</size>
      </object_component>
      <object_component id="oc-4f9">
         <name>.common:Lcd_Orientation</name>
         <uninitialized>true</uninitialized>
         <run_address>0x20000da4</run_address>
         <size>0x1</size>
      </object_component>
      <object_component id="oc-4f2">
         <name>.common:Lcd_ScreenWidth</name>
         <uninitialized>true</uninitialized>
         <run_address>0x20000d9e</run_address>
         <size>0x2</size>
      </object_component>
      <object_component id="oc-4f3">
         <name>.common:Lcd_ScreenHeigth</name>
         <uninitialized>true</uninitialized>
         <run_address>0x20000d9c</run_address>
         <size>0x2</size>
      </object_component>
      <object_component id="oc-4f4">
         <name>.common:Lcd_PenSolid</name>
         <uninitialized>true</uninitialized>
         <run_address>0x20000da5</run_address>
         <size>0x1</size>
      </object_component>
      <object_component id="oc-4f5">
         <name>.common:Lcd_FontSolid</name>
         <uninitialized>true</uninitialized>
         <run_address>0x20000da3</run_address>
         <size>0x1</size>
      </object_component>
      <object_component id="oc-4f6">
         <name>.common:Lcd_FlagRead</name>
         <uninitialized>true</uninitialized>
         <run_address>0x20000da2</run_address>
         <size>0x1</size>
      </object_component>
      <object_component id="oc-4f7">
         <name>.common:Lcd_TouchTrim</name>
         <uninitialized>true</uninitialized>
         <run_address>0x20000da0</run_address>
         <size>0x2</size>
      </object_component>
      <object_component id="oc-26">
         <name>.stack</name>
         <uninitialized>true</uninitialized>
         <run_address>0x2000fe00</run_address>
         <size>0x4</size>
         <input_file_ref idref="fl-ee"/>
      </object_component>
      <object_component id="oc-623">
         <name>.stack</name>
         <uninitialized>true</uninitialized>
         <run_address>0x2000fe00</run_address>
         <size>0x0</size>
      </object_component>
      <object_component id="oc-1aa">
         <name>.debug_info</name>
         <load_address>0x0</load_address>
         <run_address>0x0</run_address>
         <size>0x7fd</size>
         <input_file_ref idref="fl-2"/>
      </object_component>
      <object_component id="oc-212">
         <name>.debug_info</name>
         <load_address>0x7fd</load_address>
         <run_address>0x7fd</run_address>
         <size>0x195</size>
         <input_file_ref idref="fl-2"/>
      </object_component>
      <object_component id="oc-21e">
         <name>.debug_info</name>
         <load_address>0x992</load_address>
         <run_address>0x992</run_address>
         <size>0x163</size>
         <input_file_ref idref="fl-2"/>
      </object_component>
      <object_component id="oc-218">
         <name>.debug_info</name>
         <load_address>0xaf5</load_address>
         <run_address>0xaf5</run_address>
         <size>0x1d8</size>
         <input_file_ref idref="fl-2"/>
      </object_component>
      <object_component id="oc-108">
         <name>.debug_info</name>
         <load_address>0xccd</load_address>
         <run_address>0xccd</run_address>
         <size>0x18e</size>
         <input_file_ref idref="fl-2"/>
      </object_component>
      <object_component id="oc-c2">
         <name>.debug_info</name>
         <load_address>0xe5b</load_address>
         <run_address>0xe5b</run_address>
         <size>0x26b</size>
         <input_file_ref idref="fl-2"/>
      </object_component>
      <object_component id="oc-1a0">
         <name>.debug_info</name>
         <load_address>0x10c6</load_address>
         <run_address>0x10c6</run_address>
         <size>0x1055</size>
         <input_file_ref idref="fl-2"/>
      </object_component>
      <object_component id="oc-19b">
         <name>.debug_info</name>
         <load_address>0x211b</load_address>
         <run_address>0x211b</run_address>
         <size>0x37e2</size>
         <input_file_ref idref="fl-2"/>
      </object_component>
      <object_component id="oc-562">
         <name>.debug_info</name>
         <load_address>0x58fd</load_address>
         <run_address>0x58fd</run_address>
         <size>0x341</size>
         <input_file_ref idref="fl-2"/>
      </object_component>
      <object_component id="oc-13b">
         <name>.debug_info</name>
         <load_address>0x5c3e</load_address>
         <run_address>0x5c3e</run_address>
         <size>0x8b</size>
         <input_file_ref idref="fl-2"/>
      </object_component>
      <object_component id="oc-1a5">
         <name>.debug_info</name>
         <load_address>0x5cc9</load_address>
         <run_address>0x5cc9</run_address>
         <size>0x297</size>
         <input_file_ref idref="fl-2"/>
      </object_component>
      <object_component id="oc-264">
         <name>.debug_info</name>
         <load_address>0x5f60</load_address>
         <run_address>0x5f60</run_address>
         <size>0xef</size>
         <input_file_ref idref="fl-2"/>
      </object_component>
      <object_component id="oc-194">
         <name>.debug_info</name>
         <load_address>0x604f</load_address>
         <run_address>0x604f</run_address>
         <size>0xbb</size>
         <input_file_ref idref="fl-2"/>
      </object_component>
      <object_component id="oc-5a4">
         <name>.debug_info</name>
         <load_address>0x610a</load_address>
         <run_address>0x610a</run_address>
         <size>0x131</size>
         <input_file_ref idref="fl-2"/>
      </object_component>
      <object_component id="oc-263">
         <name>.debug_info</name>
         <load_address>0x623b</load_address>
         <run_address>0x623b</run_address>
         <size>0x7d5</size>
         <input_file_ref idref="fl-3"/>
      </object_component>
      <object_component id="oc-1c4">
         <name>.debug_info</name>
         <load_address>0x6a10</load_address>
         <run_address>0x6a10</run_address>
         <size>0x16e</size>
         <input_file_ref idref="fl-3"/>
      </object_component>
      <object_component id="oc-1ca">
         <name>.debug_info</name>
         <load_address>0x6b7e</load_address>
         <run_address>0x6b7e</run_address>
         <size>0x176</size>
         <input_file_ref idref="fl-3"/>
      </object_component>
      <object_component id="oc-1d6">
         <name>.debug_info</name>
         <load_address>0x6cf4</load_address>
         <run_address>0x6cf4</run_address>
         <size>0x17a</size>
         <input_file_ref idref="fl-3"/>
      </object_component>
      <object_component id="oc-1d0">
         <name>.debug_info</name>
         <load_address>0x6e6e</load_address>
         <run_address>0x6e6e</run_address>
         <size>0x178</size>
         <input_file_ref idref="fl-3"/>
      </object_component>
      <object_component id="oc-1b2">
         <name>.debug_info</name>
         <load_address>0x6fe6</load_address>
         <run_address>0x6fe6</run_address>
         <size>0x178</size>
         <input_file_ref idref="fl-3"/>
      </object_component>
      <object_component id="oc-1b8">
         <name>.debug_info</name>
         <load_address>0x715e</load_address>
         <run_address>0x715e</run_address>
         <size>0x17c</size>
         <input_file_ref idref="fl-3"/>
      </object_component>
      <object_component id="oc-1be">
         <name>.debug_info</name>
         <load_address>0x72da</load_address>
         <run_address>0x72da</run_address>
         <size>0x17a</size>
         <input_file_ref idref="fl-3"/>
      </object_component>
      <object_component id="oc-1ee">
         <name>.debug_info</name>
         <load_address>0x7454</load_address>
         <run_address>0x7454</run_address>
         <size>0x16b</size>
         <input_file_ref idref="fl-3"/>
      </object_component>
      <object_component id="oc-1f4">
         <name>.debug_info</name>
         <load_address>0x75bf</load_address>
         <run_address>0x75bf</run_address>
         <size>0x173</size>
         <input_file_ref idref="fl-3"/>
      </object_component>
      <object_component id="oc-200">
         <name>.debug_info</name>
         <load_address>0x7732</load_address>
         <run_address>0x7732</run_address>
         <size>0x177</size>
         <input_file_ref idref="fl-3"/>
      </object_component>
      <object_component id="oc-1fa">
         <name>.debug_info</name>
         <load_address>0x78a9</load_address>
         <run_address>0x78a9</run_address>
         <size>0x175</size>
         <input_file_ref idref="fl-3"/>
      </object_component>
      <object_component id="oc-1dc">
         <name>.debug_info</name>
         <load_address>0x7a1e</load_address>
         <run_address>0x7a1e</run_address>
         <size>0x175</size>
         <input_file_ref idref="fl-3"/>
      </object_component>
      <object_component id="oc-1e2">
         <name>.debug_info</name>
         <load_address>0x7b93</load_address>
         <run_address>0x7b93</run_address>
         <size>0x179</size>
         <input_file_ref idref="fl-3"/>
      </object_component>
      <object_component id="oc-1e8">
         <name>.debug_info</name>
         <load_address>0x7d0c</load_address>
         <run_address>0x7d0c</run_address>
         <size>0x177</size>
         <input_file_ref idref="fl-3"/>
      </object_component>
      <object_component id="oc-2cd">
         <name>.debug_info</name>
         <load_address>0x7e83</load_address>
         <run_address>0x7e83</run_address>
         <size>0x17c</size>
         <input_file_ref idref="fl-3"/>
      </object_component>
      <object_component id="oc-278">
         <name>.debug_info</name>
         <load_address>0x7fff</load_address>
         <run_address>0x7fff</run_address>
         <size>0x252</size>
         <input_file_ref idref="fl-3"/>
      </object_component>
      <object_component id="oc-102">
         <name>.debug_info</name>
         <load_address>0x8251</load_address>
         <run_address>0x8251</run_address>
         <size>0x1d1</size>
         <input_file_ref idref="fl-3"/>
      </object_component>
      <object_component id="oc-f0">
         <name>.debug_info</name>
         <load_address>0x8422</load_address>
         <run_address>0x8422</run_address>
         <size>0x22b</size>
         <input_file_ref idref="fl-3"/>
      </object_component>
      <object_component id="oc-145">
         <name>.debug_info</name>
         <load_address>0x864d</load_address>
         <run_address>0x864d</run_address>
         <size>0xfe</size>
         <input_file_ref idref="fl-3"/>
      </object_component>
      <object_component id="oc-14a">
         <name>.debug_info</name>
         <load_address>0x874b</load_address>
         <run_address>0x874b</run_address>
         <size>0x115</size>
         <input_file_ref idref="fl-3"/>
      </object_component>
      <object_component id="oc-301">
         <name>.debug_info</name>
         <load_address>0x8860</load_address>
         <run_address>0x8860</run_address>
         <size>0x272</size>
         <input_file_ref idref="fl-4"/>
      </object_component>
      <object_component id="oc-42f">
         <name>.debug_info</name>
         <load_address>0x8ad2</load_address>
         <run_address>0x8ad2</run_address>
         <size>0x129</size>
         <input_file_ref idref="fl-4"/>
      </object_component>
      <object_component id="oc-42c">
         <name>.debug_info</name>
         <load_address>0x8bfb</load_address>
         <run_address>0x8bfb</run_address>
         <size>0x12d</size>
         <input_file_ref idref="fl-4"/>
      </object_component>
      <object_component id="oc-29e">
         <name>.debug_info</name>
         <load_address>0x8d28</load_address>
         <run_address>0x8d28</run_address>
         <size>0x11e</size>
         <input_file_ref idref="fl-4"/>
      </object_component>
      <object_component id="oc-140">
         <name>.debug_info</name>
         <load_address>0x8e46</load_address>
         <run_address>0x8e46</run_address>
         <size>0x439</size>
         <input_file_ref idref="fl-4"/>
      </object_component>
      <object_component id="oc-2f">
         <name>.debug_info</name>
         <load_address>0x927f</load_address>
         <run_address>0x927f</run_address>
         <size>0x84</size>
         <input_file_ref idref="fl-4"/>
      </object_component>
      <object_component id="oc-2a7">
         <name>.debug_info</name>
         <load_address>0x9303</load_address>
         <run_address>0x9303</run_address>
         <size>0x1176</size>
         <input_file_ref idref="fl-5"/>
      </object_component>
      <object_component id="oc-9d">
         <name>.debug_info</name>
         <load_address>0xa479</load_address>
         <run_address>0xa479</run_address>
         <size>0x493</size>
         <input_file_ref idref="fl-5"/>
      </object_component>
      <object_component id="oc-d8">
         <name>.debug_info</name>
         <load_address>0xa90c</load_address>
         <run_address>0xa90c</run_address>
         <size>0x38f</size>
         <input_file_ref idref="fl-5"/>
      </object_component>
      <object_component id="oc-114">
         <name>.debug_info</name>
         <load_address>0xac9b</load_address>
         <run_address>0xac9b</run_address>
         <size>0x776</size>
         <input_file_ref idref="fl-5"/>
      </object_component>
      <object_component id="oc-3d6">
         <name>.debug_info</name>
         <load_address>0xb411</load_address>
         <run_address>0xb411</run_address>
         <size>0x22e</size>
         <input_file_ref idref="fl-5"/>
      </object_component>
      <object_component id="oc-14f">
         <name>.debug_info</name>
         <load_address>0xb63f</load_address>
         <run_address>0xb63f</run_address>
         <size>0xa2</size>
         <input_file_ref idref="fl-5"/>
      </object_component>
      <object_component id="oc-3e0">
         <name>.debug_info</name>
         <load_address>0xb6e1</load_address>
         <run_address>0xb6e1</run_address>
         <size>0x5f</size>
         <input_file_ref idref="fl-5"/>
      </object_component>
      <object_component id="oc-300">
         <name>.debug_info</name>
         <load_address>0xb740</load_address>
         <run_address>0xb740</run_address>
         <size>0x274</size>
         <input_file_ref idref="fl-6"/>
      </object_component>
      <object_component id="oc-2fc">
         <name>.debug_info</name>
         <load_address>0xb9b4</load_address>
         <run_address>0xb9b4</run_address>
         <size>0x12f</size>
         <input_file_ref idref="fl-6"/>
      </object_component>
      <object_component id="oc-2f9">
         <name>.debug_info</name>
         <load_address>0xbae3</load_address>
         <run_address>0xbae3</run_address>
         <size>0x133</size>
         <input_file_ref idref="fl-6"/>
      </object_component>
      <object_component id="oc-138">
         <name>.debug_info</name>
         <load_address>0xbc16</load_address>
         <run_address>0xbc16</run_address>
         <size>0x124</size>
         <input_file_ref idref="fl-6"/>
      </object_component>
      <object_component id="oc-444">
         <name>.debug_info</name>
         <load_address>0xbd3a</load_address>
         <run_address>0xbd3a</run_address>
         <size>0x273</size>
         <input_file_ref idref="fl-7"/>
      </object_component>
      <object_component id="oc-440">
         <name>.debug_info</name>
         <load_address>0xbfad</load_address>
         <run_address>0xbfad</run_address>
         <size>0x12c</size>
         <input_file_ref idref="fl-7"/>
      </object_component>
      <object_component id="oc-43d">
         <name>.debug_info</name>
         <load_address>0xc0d9</load_address>
         <run_address>0xc0d9</run_address>
         <size>0x130</size>
         <input_file_ref idref="fl-7"/>
      </object_component>
      <object_component id="oc-2a4">
         <name>.debug_info</name>
         <load_address>0xc209</load_address>
         <run_address>0xc209</run_address>
         <size>0x121</size>
         <input_file_ref idref="fl-7"/>
      </object_component>
      <object_component id="oc-bd">
         <name>.debug_info</name>
         <load_address>0xc32a</load_address>
         <run_address>0xc32a</run_address>
         <size>0x717</size>
         <input_file_ref idref="fl-8"/>
      </object_component>
      <object_component id="oc-72">
         <name>.debug_info</name>
         <load_address>0xca41</load_address>
         <run_address>0xca41</run_address>
         <size>0x165</size>
         <input_file_ref idref="fl-8"/>
      </object_component>
      <object_component id="oc-341">
         <name>.debug_info</name>
         <load_address>0xcba6</load_address>
         <run_address>0xcba6</run_address>
         <size>0x1db</size>
         <input_file_ref idref="fl-8"/>
      </object_component>
      <object_component id="oc-207">
         <name>.debug_info</name>
         <load_address>0xcd81</load_address>
         <run_address>0xcd81</run_address>
         <size>0x149</size>
         <input_file_ref idref="fl-8"/>
      </object_component>
      <object_component id="oc-20d">
         <name>.debug_info</name>
         <load_address>0xceca</load_address>
         <run_address>0xceca</run_address>
         <size>0x149</size>
         <input_file_ref idref="fl-8"/>
      </object_component>
      <object_component id="oc-26b">
         <name>.debug_info</name>
         <load_address>0xd013</load_address>
         <run_address>0xd013</run_address>
         <size>0x1ca</size>
         <input_file_ref idref="fl-8"/>
      </object_component>
      <object_component id="oc-f7">
[...]
         <name>Crystalfontz128x128_Init</name>
         <value>0xbe71</value>
         <object_component_ref idref="oc-384"/>
      </symbol>
      <symbol id="sm-5a0">
         <name>HAL_LCD_writeData</name>
         <value>0xd899</value>
         <object_component_ref idref="oc-4e6"/>
      </symbol>
      <symbol id="sm-5a1">
         <name>HAL_LCD_SpiInit</name>
         <value>0xd515</value>
         <object_component_ref idref="oc-4d4"/>
      </symbol>
      <symbol id="sm-5a2">
         <name>HAL_LCD_PortInit</name>
         <value>0xd7b5</value>
         <object_component_ref idref="oc-4ce"/>
      </symbol>
      <symbol id="sm-5a3">
         <name>HAL_LCD_writeCommand</name>
         <value>0xd5d1</value>
         <object_component_ref idref="oc-4e0"/>
      </symbol>
      <symbol id="sm-5bf">
         <name>Reset_Handler</name>
         <value>0xdc21</value>
         <object_component_ref idref="oc-64"/>
      </symbol>
      <symbol id="sm-5c0">
         <name>Default_Handler</name>
         <value>0xbd3b</value>
         <object_component_ref idref="oc-6a"/>
      </symbol>
      <symbol id="sm-5c1">
         <name>interruptVectors</name>
         <value>0x0</value>
         <object_component_ref idref="oc-23"/>
      </symbol>
      <symbol id="sm-5d3">
         <name>g_sFontCmtt16</name>
         <value>0x88f8</value>
         <object_component_ref idref="oc-248"/>
      </symbol>
      <symbol id="sm-5f0">
         <name>Graphics_fillCircle</name>
         <value>0xb28b</value>
         <object_component_ref idref="oc-2a9"/>
      </symbol>
      <symbol id="sm-61d">
         <name>Graphics_setBackgroundColor</name>
         <value>0xdadb</value>
         <object_component_ref idref="oc-22a"/>
      </symbol>
      <symbol id="sm-61e">
         <name>Graphics_setFont</name>
         <value>0xdaf5</value>
         <object_component_ref idref="oc-230"/>
      </symbol>
      <symbol id="sm-61f">
         <name>Graphics_initContext</name>
         <value>0xd251</value>
         <object_component_ref idref="oc-224"/>
      </symbol>
      <symbol id="sm-620">
         <name>Graphics_setForegroundColor</name>
         <value>0xdb53</value>
         <object_component_ref idref="oc-28b"/>
      </symbol>
      <symbol id="sm-621">
         <name>Graphics_clearDisplay</name>
         <value>0xdbbb</value>
         <object_component_ref idref="oc-23c"/>
      </symbol>
      <symbol id="sm-65e">
         <name>Graphics_clearDisplayOnDisplay</name>
         <value>0xdac1</value>
         <object_component_ref idref="oc-391"/>
      </symbol>
      <symbol id="sm-65f">
         <name>Graphics_drawPixelOnDisplay</name>
         <value>0xd86d</value>
         <object_component_ref idref="oc-3f1"/>
      </symbol>
      <symbol id="sm-660">
         <name>Graphics_translateColorOnDisplay</name>
         <value>0xdb69</value>
         <object_component_ref idref="oc-37c"/>
      </symbol>
      <symbol id="sm-661">
         <name>Graphics_drawHorizontalLineOnDisplay</name>
         <value>0xd6b1</value>
         <object_component_ref idref="oc-459"/>
      </symbol>
      <symbol id="sm-662">
         <name>Graphics_drawVerticalLineOnDisplay</name>
         <value>0xd6e7</value>
         <object_component_ref idref="oc-51f"/>
      </symbol>
      <symbol id="sm-663">
         <name>Graphics_drawMultiplePixelsOnDisplay</name>
         <value>0xd385</value>
         <object_component_ref idref="oc-3eb"/>
      </symbol>
      <symbol id="sm-664">
         <name>Graphics_fillRectangleOnDisplay</name>
         <value>0xd9f5</value>
         <object_component_ref idref="oc-424"/>
      </symbol>
      <symbol id="sm-69a">
         <name>Graphics_drawImage</name>
         <value>0xaf03</value>
         <object_component_ref idref="oc-24e"/>
      </symbol>
      <symbol id="sm-6bb">
         <name>Graphics_drawLineH</name>
         <value>0xc8b7</value>
         <object_component_ref idref="oc-2c2"/>
      </symbol>
      <symbol id="sm-6bc">
         <name>Graphics_drawLineV</name>
         <value>0xc953</value>
         <object_component_ref idref="oc-41c"/>
      </symbol>
      <symbol id="sm-6dc">
         <name>Graphics_drawRectangle</name>
         <value>0xc779</value>
         <object_component_ref idref="oc-291"/>
      </symbol>
      <symbol id="sm-6dd">
         <name>Graphics_fillRectangle</name>
         <value>0xbf9d</value>
         <object_component_ref idref="oc-297"/>
      </symbol>
      <symbol id="sm-71d">
         <name>Graphics_drawString</name>
         <value>0xaa85</value>
         <object_component_ref idref="oc-255"/>
      </symbol>
      <symbol id="sm-7de">
         <name>ADC14_enableSampleTimer</name>
         <value>0xd71d</value>
         <object_component_ref idref="oc-359"/>
      </symbol>
      <symbol id="sm-7df">
         <name>ADC14_enableConversion</name>
         <value>0xd8c5</value>
         <object_component_ref idref="oc-36d"/>
      </symbol>
      <symbol id="sm-7e0">
         <name>ADC14_toggleConversionTrigger</name>
         <value>0xd815</value>
         <object_component_ref idref="oc-373"/>
      </symbol>
      <symbol id="sm-7e1">
         <name>ADC14_initModule</name>
         <value>0xd155</value>
         <object_component_ref idref="oc-34d"/>
      </symbol>
      <symbol id="sm-7e2">
         <name>ADC14_configureMultiSequenceMode</name>
         <value>0xc585</value>
         <object_component_ref idref="oc-353"/>
      </symbol>
      <symbol id="sm-7e3">
         <name>ADC14_configureConversionMemory</name>
         <value>0xc6d5</value>
         <object_component_ref idref="oc-360"/>
      </symbol>
      <symbol id="sm-7e4">
         <name>ADC14_enableModule</name>
         <value>0xdc15</value>
         <object_component_ref idref="oc-347"/>
      </symbol>
      <symbol id="sm-7e5">
         <name>ADC14_getResult</name>
         <value>0xda51</value>
         <object_component_ref idref="oc-27e"/>
      </symbol>
      <symbol id="sm-843">
         <name>GPIO_setOutputHighOnPin</name>
         <value>0xd915</value>
         <object_component_ref idref="oc-4da"/>
      </symbol>
      <symbol id="sm-844">
         <name>GPIO_setAsInputPinWithPullUpResistor</name>
         <value>0xd04d</value>
         <object_component_ref idref="oc-25c"/>
      </symbol>
      <symbol id="sm-845">
         <name>GPIO_setAsOutputPin</name>
         <value>0xd495</value>
         <object_component_ref idref="oc-325"/>
      </symbol>
      <symbol id="sm-846">
         <name>GPIO_setOutputLowOnPin</name>
         <value>0xd93d</value>
         <object_component_ref idref="oc-332"/>
      </symbol>
      <symbol id="sm-847">
         <name>GPIO_setAsPeripheralModuleFunctionOutputPin</name>
         <value>0xcb15</value>
         <object_component_ref idref="oc-449"/>
      </symbol>
      <symbol id="sm-848">
         <name>GPIO_getInputPinValue</name>
         <value>0xd785</value>
         <object_component_ref idref="oc-409"/>
      </symbol>
      <symbol id="sm-849">
         <name>GPIO_setAsPeripheralModuleFunctionInputPin</name>
         <value>0xca8d</value>
         <object_component_ref idref="oc-366"/>
      </symbol>
      <symbol id="sm-866">
         <name>Interrupt_enableInterrupt</name>
         <value>0xcb9d</value>
         <object_component_ref idref="oc-4a8"/>
      </symbol>
      <symbol id="sm-8a0">
         <name>EUSCI_B_SPI_enable</name>
         <value>0xdb3d</value>
         <object_component_ref idref="oc-5dc"/>
      </symbol>
      <symbol id="sm-8a1">
         <name>SPI_enableModule</name>
         <value>0xda6d</value>
         <object_component_ref idref="oc-59a"/>
      </symbol>
      <symbol id="sm-8a2">
         <name>EUSCI_A_SPI_enable</name>
         <value>0xdb27</value>
         <object_component_ref idref="oc-5d6"/>
      </symbol>
      <symbol id="sm-8a3">
         <name>SPI_initMaster</name>
         <value>0xc4d5</value>
         <object_component_ref idref="oc-594"/>
      </symbol>
      <symbol id="sm-8dc">
         <name>Timer32_startTimer</name>
         <value>0xd641</value>
         <object_component_ref idref="oc-4b4"/>
      </symbol>
      <symbol id="sm-8dd">
         <name>Timer32_setCount</name>
         <value>0xd751</value>
         <object_component_ref idref="oc-4ae"/>
      </symbol>
      <symbol id="sm-8de">
         <name>Timer32_getValue</name>
         <value>0xdbf9</value>
         <object_component_ref idref="oc-270"/>
      </symbol>
      <symbol id="sm-8df">
         <name>Timer32_initModule</name>
         <value>0xcdf5</value>
         <object_component_ref idref="oc-4a2"/>
      </symbol>
      <symbol id="sm-8e0">
         <name>Timer32_clearInterruptFlag</name>
         <value>0xdb93</value>
         <object_component_ref idref="oc-b6"/>
      </symbol>
      <symbol id="sm-90e">
         <name>Timer_A_generatePWM</name>
         <value>0xcd15</value>
         <object_component_ref idref="oc-550"/>
      </symbol>
      <symbol id="sm-90f">
         <name>Timer_A_stopTimer</name>
         <value>0xdba7</value>
         <object_component_ref idref="oc-556"/>
      </symbol>
      <symbol id="sm-91b">
         <name>WDT_A_holdTimer</name>
         <value>0xd98d</value>
         <object_component_ref idref="oc-1ab"/>
      </symbol>
      <symbol id="sm-92c">
         <name>__aeabi_memset</name>
         <value>0xcc9d</value>
         <object_component_ref idref="oc-90"/>
      </symbol>
      <symbol id="sm-92d">
         <name>memset</name>
         <value>0xcca3</value>
         <object_component_ref idref="oc-90"/>
      </symbol>
      <symbol id="sm-92e">
         <name>__aeabi_memset8</name>
         <value>0xcc9d</value>
         <object_component_ref idref="oc-90"/>
      </symbol>
      <symbol id="sm-92f">
         <name>__aeabi_memset4</name>
         <value>0xcc9d</value>
         <object_component_ref idref="oc-90"/>
      </symbol>
      <symbol id="sm-930">
         <name>__aeabi_memclr8</name>
         <value>0xcc9b</value>
         <object_component_ref idref="oc-90"/>
      </symbol>
      <symbol id="sm-931">
         <name>__aeabi_memclr4</name>
         <value>0xcc9b</value>
         <object_component_ref idref="oc-90"/>
      </symbol>
      <symbol id="sm-932">
         <name>__aeabi_memclr</name>
         <value>0xcc9b</value>
         <object_component_ref idref="oc-90"/>
      </symbol>
      <symbol id="sm-946">
         <name>__aeabi_ddiv</name>
         <value>0xbc05</value>
         <object_component_ref idref="oc-53c"/>
      </symbol>
      <symbol id="sm-951">
         <name>__aeabi_dmul</name>
         <value>0xc0af</value>
         <object_component_ref idref="oc-54b"/>
      </symbol>
      <symbol id="sm-95b">
         <name>__aeabi_d2uiz</name>
         <value>0xd411</value>
         <object_component_ref idref="oc-541"/>
      </symbol>
      <symbol id="sm-964">
         <name>__aeabi_lmul</name>
         <value>0xdb0f</value>
         <object_component_ref idref="oc-285"/>
      </symbol>
      <symbol id="sm-97f">
         <name>memcpy</name>
         <value>0xc9ef</value>
         <object_component_ref idref="oc-34"/>
      </symbol>
      <symbol id="sm-980">
         <name>__aeabi_memcpy</name>
         <value>0xc9ef</value>
         <object_component_ref idref="oc-34"/>
      </symbol>
      <symbol id="sm-981">
         <name>__aeabi_memcpy8</name>
         <value>0xc9ef</value>
         <object_component_ref idref="oc-34"/>
      </symbol>
      <symbol id="sm-982">
         <name>__aeabi_memcpy4</name>
         <value>0xc9ef</value>
         <object_component_ref idref="oc-34"/>
      </symbol>
      <symbol id="sm-98c">
         <name>__aeabi_ui2d</name>
         <value>0xd9d5</value>
         <object_component_ref idref="oc-546"/>
      </symbol>
      <symbol id="sm-9a3">
         <name>__TI_zero_init</name>
         <value>0xdc2d</value>
         <object_component_ref idref="oc-46"/>
      </symbol>
      <symbol id="sm-9ba">
         <name>__TI_decompress_none</name>
         <value>0xdc07</value>
         <object_component_ref idref="oc-1a"/>
      </symbol>
      <symbol id="sm-9dd">
         <name>__TI_decompress_lzss</name>
         <value>0xce5d</value>
         <object_component_ref idref="oc-14"/>
      </symbol>
      <symbol id="sm-9f0">
         <name>__stack</name>
         <value>0x2000fe00</value>
         <object_component_ref idref="oc-26"/>
      </symbol>
      <symbol id="sm-9f1">
         <name>_c_int00_noargs</name>
         <value>0xd679</value>
         <object_component_ref idref="oc-52"/>
      </symbol>
      <symbol id="sm-9fc">
         <name>C$$EXIT</name>
         <value>0xdcfb</value>
         <object_component_ref idref="oc-154"/>
      </symbol>
      <symbol id="sm-9fd">
         <name>abort</name>
         <value>0xdcfb</value>
         <object_component_ref idref="oc-154"/>
      </symbol>
      <symbol id="sm-a27">
         <name>__TI_auto_init_nobinit_nopinit</name>
         <value>0xd3cd</value>
         <object_component_ref idref="oc-160"/>
      </symbol>
      <symbol id="sm-a31">
         <name>_system_pre_init</name>
         <value>0xdcf7</value>
         <object_component_ref idref="oc-96"/>
      </symbol>
      <symbol id="sm-a33">
         <name>__TI_static_base__</name>
         <value>0x0</value>
      </symbol>
      <symbol id="sm-a36">
         <name>__mpu_init</name>
         <value>0x0</value>
      </symbol>
      <symbol id="sm-a37">
         <name>_system_post_cinit</name>
         <value>0x0</value>
      </symbol>
      <symbol id="sm-a38">
         <name>NMI_Handler</name>
         <value>0xbd3b</value>
      </symbol>
      <symbol id="sm-a39">
         <name>HardFault_Handler</name>
         <value>0xbd3b</value>
      </symbol>
      <symbol id="sm-a3a">
         <name>MemManage_Handler</name>
         <value>0xbd3b</value>
      </symbol>
      <symbol id="sm-a3b">
         <name>BusFault_Handler</name>
         <value>0xbd3b</value>
      </symbol>
      <symbol id="sm-a3c">
         <name>UsageFault_Handler</name>
         <value>0xbd3b</value>
      </symbol>
      <symbol id="sm-a3d">
         <name>SVC_Handler</name>
         <value>0xbd3b</value>
      </symbol>
      <symbol id="sm-a3e">
         <name>DebugMon_Handler</name>
         <value>0xbd3b</value>
      </symbol>
      <symbol id="sm-a3f">
         <name>PendSV_Handler</name>
         <value>0xbd3b</value>
      </symbol>
      <symbol id="sm-a40">
         <name>SysTick_Handler</name>
         <value>0xbd3b</value>
      </symbol>
      <symbol id="sm-a41">
         <name>PSS_IRQHandler</name>
         <value>0xbd3b</value>
      </symbol>
      <symbol id="sm-a42">
         <name>CS_IRQHandler</name>
         <value>0xbd3b</value>
      </symbol>
      <symbol id="sm-a43">
         <name>PCM_IRQHandler</name>
         <value>0xbd3b</value>
      </symbol>
      <symbol id="sm-a44">
         <name>WDT_A_IRQHandler</name>
         <value>0xbd3b</value>
      </symbol>
      <symbol id="sm-a45">
         <name>FPU_IRQHandler</name>
         <value>0xbd3b</value>
      </symbol>
      <symbol id="sm-a46">
         <name>FLCTL_IRQHandler</name>
         <value>0xbd3b</value>
      </symbol>
      <symbol id="sm-a47">
         <name>COMP_E0_IRQHandler</name>
         <value>0xbd3b</value>
      </symbol>
      <symbol id="sm-a48">
         <name>COMP_E1_IRQHandler</name>
         <value>0xbd3b</value>
      </symbol>
      <symbol id="sm-a49">
         <name>TA0_0_IRQHandler</name>
         <value>0xbd3b</value>
      </symbol>
      <symbol id="sm-a4a">
         <name>TA0_N_IRQHandler</name>
         <value>0xbd3b</value>
      </symbol>
      <symbol id="sm-a4b">
         <name>TA1_0_IRQHandler</name>
         <value>0xbd3b</value>
      </symbol>
      <symbol id="sm-a4c">
         <name>TA1_N_IRQHandler</name>
         <value>0xbd3b</value>
      </symbol>
      <symbol id="sm-a4d">
         <name>TA2_0_IRQHandler</name>
         <value>0xbd3b</value>
      </symbol>
      <symbol id="sm-a4e">
         <name>TA2_N_IRQHandler</name>
         <value>0xbd3b</value>
      </symbol>
      <symbol id="sm-a4f">
         <name>TA3_0_IRQHandler</name>
         <value>0xbd3b</value>
      </symbol>
      <symbol id="sm-a50">
         <name>TA3_N_IRQHandler</name>
         <value>0xbd3b</value>
      </symbol>
      <symbol id="sm-a51">
         <name>EUSCIA0_IRQHandler</name>
         <value>0xbd3b</value>
      </symbol>
      <symbol id="sm-a52">
         <name>EUSCIA1_IRQHandler</name>
         <value>0xbd3b</value>
      </symbol>
      <symbol id="sm-a53">
         <name>EUSCIA2_IRQHandler</name>
         <value>0xbd3b</value>
      </symbol>
      <symbol id="sm-a54">
         <name>EUSCIA3_IRQHandler</name>
         <value>0xbd3b</value>
      </symbol>
      <symbol id="sm-a55">
         <name>EUSCIB0_IRQHandler</name>
         <value>0xbd3b</value>
      </symbol>
      <symbol id="sm-a56">
         <name>EUSCIB1_IRQHandler</name>
         <value>0xbd3b</value>
      </symbol>
      <symbol id="sm-a57">
         <name>EUSCIB2_IRQHandler</name>
         <value>0xbd3b</value>
      </symbol>
      <symbol id="sm-a58">
         <name>EUSCIB3_IRQHandler</name>
         <value>0xbd3b</value>
      </symbol>
      <symbol id="sm-a59">
         <name>ADC14_IRQHandler</name>
         <value>0xbd3b</value>
      </symbol>
      <symbol id="sm-a5a">
         <name>T32_INT1_IRQHandler</name>
         <value>0xda89</value>
      </symbol>
      <symbol id="sm-a5b">
         <name>T32_INT2_IRQHandler</name>
         <value>0xbd3b</value>
      </symbol>
      <symbol id="sm-a5c">
         <name>T32_INTC_IRQHandler</name>
         <value>0xbd3b</value>
      </symbol>
      <symbol id="sm-a5d">
         <name>AES256_IRQHandler</name>
         <value>0xbd3b</value>
      </symbol>
      <symbol id="sm-a5e">
         <name>RTC_C_IRQHandler</name>
         <value>0xbd3b</value>
      </symbol>
      <symbol id="sm-a5f">
         <name>DMA_ERR_IRQHandler</name>
         <value>0xbd3b</value>
      </symbol>
      <symbol id="sm-a60">
         <name>DMA_INT3_IRQHandler</name>
         <value>0xbd3b</value>
      </symbol>
      <symbol id="sm-a61">
         <name>DMA_INT2_IRQHandler</name>
         <value>0xbd3b</value>
      </symbol>
      <symbol id="sm-a62">
         <name>DMA_INT1_IRQHandler</name>
         <value>0xbd3b</value>
      </symbol>
      <symbol id="sm-a63">
         <name>DMA_INT0_IRQHandler</name>
         <value>0xbd3b</value>
      </symbol>
      <symbol id="sm-a64">
         <name>PORT1_IRQHandler</name>
         <value>0xbd3b</value>
      </symbol>
      <symbol id="sm-a65">
         <name>PORT2_IRQHandler</name>
         <value>0xbd3b</value>
      </symbol>
      <symbol id="sm-a66">
         <name>PORT3_IRQHandler</name>
         <value>0xbd3b</value>
      </symbol>
      <symbol id="sm-a67">
         <name>PORT4_IRQHandler</name>
         <value>0xbd3b</value>
      </symbol>
      <symbol id="sm-a68">
         <name>PORT5_IRQHandler</name>
         <value>0xbd3b</value>
      </symbol>
      <symbol id="sm-a69">
         <name>PORT6_IRQHandler</name>
         <value>0xbd3b</value>
      </symbol>
   </symbol_table>
   <title>Link successful</title>
</link_info>
